<?xml version="1.0" encoding="UTF-8"?>
<TestRun id="5d1c9e57-4e1c-42ab-a771-f6ddcac0c402" name="csmirnoff@BFNB12339 2014-09-16 10:18:01" runUser="BAUNET\csmirnoff" xmlns="http://microsoft.com/schemas/VisualStudio/TeamTest/2010">
  <TestSettings name="Local" id="c2a04dfe-17c9-4ba8-8abf-4e4758f44a08">
    <Description>These are default test settings for a local test run.</Description>
    <Deployment enabled="false" runDeploymentRoot="csmirnoff_BFNB12339 2014-09-16 10_18_01">
      <DeploymentItem filename="C:\Baufest\Comunidad .Net\Test-Oriented Development\TestOrientedDevelopment\TestOrientedDevelopment.Tip1\bin\Debug\TestOrientedDevelopment.Tip1.dll" />
      <DeploymentItem filename="C:\Baufest\Comunidad .Net\Test-Oriented Development\TestOrientedDevelopment\packages\Moq.4.2.1408.0717\lib\net40\Moq.dll" />
    </Deployment>
    <Execution>
      <TestTypeSpecific />
      <AgentRule name="Execution Agents">
      </AgentRule>
    </Execution>
  </TestSettings>
  <Times creation="2014-09-16T10:18:01.4973856-03:00" queuing="2014-09-16T10:18:01.5594054-03:00" start="2014-09-16T10:18:01.5694075-03:00" finish="2014-09-16T10:18:02.1354714-03:00" />
  <ResultSummary outcome="Completed">
    <Counters total="3" executed="3" passed="3" error="0" failed="0" timeout="0" aborted="0" inconclusive="0" passedButRunAborted="0" notRunnable="0" notExecuted="0" disconnected="0" warning="0" completed="0" inProgress="0" pending="0" />
  </ResultSummary>
  <TestDefinitions>
    <UnitTest name="GetLast10LoggedMessagesFromCloud" storage="c:\baufest\comunidad .net\test-oriented development\testorienteddevelopment\testorienteddevelopment.tip1.tests\bin\debug\testorienteddevelopment.tip1.tests.dll" id="4afb1fa3-66d3-67dd-2232-3715cfff0e1c">
      <Execution id="bfcd66e4-3ca4-4957-bc4f-31590be9865d" />
      <TestMethod codeBase="C:/Baufest/Comunidad .Net/Test-Oriented Development/TestOrientedDevelopment/TestOrientedDevelopment.Tip1.Tests/bin/Debug/TestOrientedDevelopment.Tip1.Tests.DLL" adapterTypeName="Microsoft.VisualStudio.TestTools.TestTypes.Unit.UnitTestAdapter, Microsoft.VisualStudio.QualityTools.Tips.UnitTest.Adapter, Version=10.0.0.0, Culture=neutral, PublicKeyToken=b03f5f7f11d50a3a" className="TestOrientedDevelopment.Tip1.Tests.Bad.ApplicationTests, TestOrientedDevelopment.Tip1.Tests, Version=1.0.0.0, Culture=neutral, PublicKeyToken=null" name="GetLast10LoggedMessagesFromCloud" />
    </UnitTest>
    <UnitTest name="GetLast10LoggedMessages" storage="c:\baufest\comunidad .net\test-oriented development\testorienteddevelopment\testorienteddevelopment.tip1.tests\bin\debug\testorienteddevelopment.tip1.tests.dll" id="983dbd89-03d7-898f-f180-ed63cb9ebb36">
      <Execution id="73c85528-6c7c-4132-ae39-7ed08eddd5b6" />
      <TestMethod codeBase="C:/Baufest/Comunidad .Net/Test-Oriented Development/TestOrientedDevelopment/TestOrientedDevelopment.Tip1.Tests/bin/Debug/TestOrientedDevelopment.Tip1.Tests.DLL" adapterTypeName="Microsoft.VisualStudio.TestTools.TestTypes.Unit.UnitTestAdapter, Microsoft.VisualStudio.QualityTools.Tips.UnitTest.Adapter, Version=10.0.0.0, Culture=neutral, PublicKeyToken=b03f5f7f11d50a3a" className="TestOrientedDevelopment.Tip1.Tests.Bad.ApplicationTests, TestOrientedDevelopment.Tip1.Tests, Version=1.0.0.0, Culture=neutral, PublicKeyToken=null" name="GetLast10LoggedMessages" />
    </UnitTest>
    <UnitTest name="GetLast10LoggedMessages" storage="c:\baufest\comunidad .net\test-oriented development\testorienteddevelopment\testorienteddevelopment.tip1.tests\bin\debug\testorienteddevelopment.tip1.tests.dll" id="608d15ee-e3d3-d6d9-854e-8ca91c667082">
      <Execution id="8ab01a90-8b25-48e5-bc61-b98ea269c8a8" />
      <TestMethod codeBase="C:/Baufest/Comunidad .Net/Test-Oriented Development/TestOrientedDevelopment/TestOrientedDevelopment.Tip1.Tests/bin/Debug/TestOrientedDevelopment.Tip1.Tests.DLL" adapterTypeName="Microsoft.VisualStudio.TestTools.TestTypes.Unit.UnitTestAdapter, Microsoft.VisualStudio.QualityTools.Tips.UnitTest.Adapter, Version=10.0.0.0, Culture=neutral, PublicKeyToken=b03f5f7f11d50a3a" className="TestOrientedDevelopment.Tip1.Tests.Good.ApplicationTests, TestOrientedDevelopment.Tip1.Tests, Version=1.0.0.0, Culture=neutral, PublicKeyToken=null" name="GetLast10LoggedMessages" />
    </UnitTest>
  </TestDefinitions>
  <TestLists>
    <TestList name="Results Not in a List" id="8c84fa94-04c1-424b-9868-57a2d4851a1d" />
    <TestList name="All Loaded Results" id="19431567-8539-422a-85d7-44ee4e166bda" />
  </TestLists>
  <TestEntries>
    <TestEntry testId="4afb1fa3-66d3-67dd-2232-3715cfff0e1c" executionId="bfcd66e4-3ca4-4957-bc4f-31590be9865d" testListId="8c84fa94-04c1-424b-9868-57a2d4851a1d" />
    <TestEntry testId="608d15ee-e3d3-d6d9-854e-8ca91c667082" executionId="8ab01a90-8b25-48e5-bc61-b98ea269c8a8" testListId="8c84fa94-04c1-424b-9868-57a2d4851a1d" />
    <TestEntry testId="983dbd89-03d7-898f-f180-ed63cb9ebb36" executionId="73c85528-6c7c-4132-ae39-7ed08eddd5b6" testListId="8c84fa94-04c1-424b-9868-57a2d4851a1d" />
  </TestEntries>
  <Results>
    <UnitTestResult executionId="bfcd66e4-3ca4-4957-bc4f-31590be9865d" testId="4afb1fa3-66d3-67dd-2232-3715cfff0e1c" testName="GetLast10LoggedMessagesFromCloud" computerName="BFNB12339" duration="00:00:00.0177881" startTime="2014-09-16T10:18:01.5734372-03:00" endTime="2014-09-16T10:18:01.8844459-03:00" testType="13cdc9d9-ddb5-4fa4-a97d-d965ccfc6d4b" outcome="Passed" testListId="8c84fa94-04c1-424b-9868-57a2d4851a1d" relativeResultsDirectory="bfcd66e4-3ca4-4957-bc4f-31590be9865d">
    </UnitTestResult>
    <UnitTestResult executionId="8ab01a90-8b25-48e5-bc61-b98ea269c8a8" testId="608d15ee-e3d3-d6d9-854e-8ca91c667082" testName="GetLast10LoggedMessages" computerName="BFNB12339" duration="00:00:00.1848632" startTime="2014-09-16T10:18:01.8864443-03:00" endTime="2014-09-16T10:18:02.0744873-03:00" testType="13cdc9d9-ddb5-4fa4-a97d-d965ccfc6d4b" outcome="Passed" testListId="8c84fa94-04c1-424b-9868-57a2d4851a1d" relativeResultsDirectory="8ab01a90-8b25-48e5-bc61-b98ea269c8a8">
    </UnitTestResult>
    <UnitTestResult executionId="73c85528-6c7c-4132-ae39-7ed08eddd5b6" testId="983dbd89-03d7-898f-f180-ed63cb9ebb36" testName="GetLast10LoggedMessages" computerName="BFNB12339" duration="00:00:00.0006507" startTime="2014-09-16T10:18:02.0764640-03:00" endTime="2014-09-16T10:18:02.0794884-03:00" testType="13cdc9d9-ddb5-4fa4-a97d-d965ccfc6d4b" outcome="Passed" testListId="8c84fa94-04c1-424b-9868-57a2d4851a1d" relativeResultsDirectory="73c85528-6c7c-4132-ae39-7ed08eddd5b6">
    </UnitTestResult>
  </Results>
</TestRun>