<?xml version="1.0" encoding="UTF-8"?>
<TestRun id="a8a9704f-3d2e-452c-958c-f040dc16d201" name="csmirnoff@BFNB12339 2014-09-16 09:50:31" runUser="BAUNET\csmirnoff" xmlns="http://microsoft.com/schemas/VisualStudio/TeamTest/2010">
  <TestSettings name="Local" id="c2a04dfe-17c9-4ba8-8abf-4e4758f44a08">
    <Description>These are default test settings for a local test run.</Description>
    <Deployment enabled="false" runDeploymentRoot="csmirnoff_BFNB12339 2014-09-16 09_50_31">
      <DeploymentItem filename="C:\Baufest\Comunidad .Net\Test-Oriented Development\TestOrientedDevelopment\TestOrientedDevelopment.Tip1\bin\Debug\TestOrientedDevelopment.Tip1.dll" />
    </Deployment>
    <Execution>
      <TestTypeSpecific />
      <AgentRule name="Execution Agents">
      </AgentRule>
    </Execution>
  </TestSettings>
  <Times creation="2014-09-16T09:50:31.3790469-03:00" queuing="2014-09-16T09:50:32.1953220-03:00" start="2014-09-16T09:50:32.2623884-03:00" finish="2014-09-16T09:50:32.6336111-03:00" />
  <ResultSummary outcome="Completed">
    <Counters total="1" executed="1" passed="1" error="0" failed="0" timeout="0" aborted="0" inconclusive="0" passedButRunAborted="0" notRunnable="0" notExecuted="0" disconnected="0" warning="0" completed="0" inProgress="0" pending="0" />
  </ResultSummary>
  <TestDefinitions>
    <UnitTest name="LoggerBad" storage="c:\baufest\comunidad .net\test-oriented development\testorienteddevelopment\testorienteddevelopment.tip1.tests\bin\debug\testorienteddevelopment.tip1.tests.dll" id="79fdbc9f-0544-a775-2955-212e8119e951">
      <Execution id="0a4e508f-2fdc-4d48-baa8-646704e9c06c" />
      <TestMethod codeBase="C:/Baufest/Comunidad .Net/Test-Oriented Development/TestOrientedDevelopment/TestOrientedDevelopment.Tip1.Tests/bin/Debug/TestOrientedDevelopment.Tip1.Tests.DLL" adapterTypeName="Microsoft.VisualStudio.TestTools.TestTypes.Unit.UnitTestAdapter, Microsoft.VisualStudio.QualityTools.Tips.UnitTest.Adapter, Version=10.0.0.0, Culture=neutral, PublicKeyToken=b03f5f7f11d50a3a" className="TestOrientedDevelopment.Tip1.Tests.Bad.LoggerTests, TestOrientedDevelopment.Tip1.Tests, Version=1.0.0.0, Culture=neutral, PublicKeyToken=null" name="LoggerBad" />
    </UnitTest>
  </TestDefinitions>
  <TestLists>
    <TestList name="Results Not in a List" id="8c84fa94-04c1-424b-9868-57a2d4851a1d" />
    <TestList name="All Loaded Results" id="19431567-8539-422a-85d7-44ee4e166bda" />
  </TestLists>
  <TestEntries>
    <TestEntry testId="79fdbc9f-0544-a775-2955-212e8119e951" executionId="0a4e508f-2fdc-4d48-baa8-646704e9c06c" testListId="8c84fa94-04c1-424b-9868-57a2d4851a1d" />
  </TestEntries>
  <Results>
    <UnitTestResult executionId="0a4e508f-2fdc-4d48-baa8-646704e9c06c" testId="79fdbc9f-0544-a775-2955-212e8119e951" testName="LoggerBad" computerName="BFNB12339" duration="00:00:00.0158795" startTime="2014-09-16T09:50:32.2913940-03:00" endTime="2014-09-16T09:50:32.5726033-03:00" testType="13cdc9d9-ddb5-4fa4-a97d-d965ccfc6d4b" outcome="Passed" testListId="8c84fa94-04c1-424b-9868-57a2d4851a1d" relativeResultsDirectory="0a4e508f-2fdc-4d48-baa8-646704e9c06c">
      <Output>
        <StdOut>Welcome to Test-Oriented Development!</StdOut>
      </Output>
    </UnitTestResult>
  </Results>
</TestRun>